### environment
2026年10月 6日 星期二 18時14分53秒 CST
minirubik: ad21eca
ripes sha256: bea887fcf020c1dda1f44177c19c27a13f3b93c625b17194ac37e3d421a34fc4
### state iret result
12345672121232 1018957 OK
12345672123212 993606 OK
12345672321212 1024920 OK
12345673131323 977169 OK
12345673132313 1007504 OK
12345673231313 1125405 OK
12345761111111 890213 OK
12346571111231 745804 OK
12346751113133 797119 OK
12347561112212 679536 OK
12347651111111 1566569 OK
12347651122112 815286 OK
12347651133311 697489 OK
12347652111221 665068 OK
12347652123233 957315 OK
12347652123332 973607 OK
12347652223232 807335 OK
12347653111133 834173 OK
12347653132223 557927 OK
12347653132322 637755 OK
12347653332323 756391 OK
12354671111111 1335052 OK
12354761112323 1519062 OK
12354762121112 770740 OK
12354762121211 893629 OK
12354762311123 970629 OK
12354763131131 609343 OK
12354763133111 606201 OK
12354763211123 1052831 OK
12356471113133 587701 OK
12356741133131 836439 OK
12356741313131 1035005 OK
12356743113131 934639 OK
12357461111222 840042 OK
12357461113331 977385 OK
12357462211112 1263437 OK
12357641113331 748609 OK
12364571112212 710722 OK
12364751112212 594697 OK
12364751113133 732510 OK
12364753311131 615640 OK
12365471111111 1397301 OK
12365471211122 683783 OK
12365471313113 619864 OK
12365472223232 810952 OK
12365472321233 670909 OK
12365473232312 506981 OK
12365473332323 588534 OK
12365741113331 885216 OK
12367451123333 1233420 OK
12367451132222 787731 OK
12367451213333 948202 OK
12367451312222 1407133 OK
12367452113333 1336005 OK
12367453112222 853338 OK
12367541112212 795255 OK
12367541113331 1024537 OK
12367541331131 662659 OK
12374561121212 1059653 OK
12374561211212 780428 OK
12374562111212 1397289 OK
12374651111222 1008673 OK
12375461111222 722509 OK
12375641113112 921410 OK
12376451111222 809920 OK
12376451113133 674936 OK
12376451221211 593291 OK
12376541112323 1195911 OK
12376541232233 1320255 OK
12376541322233 859890 OK
12376542121232 683680 OK
12376542123212 798256 OK
12376543133132 632058 OK
12376543133231 513795 OK
12456731132321 1271223 OK
12456731233223 742542 OK
12456733223321 623278 OK
12463751231231 614251 OK
12467351131121 703780 OK
12467351231321 606700 OK
12473561132123 849364 OK
12536741112323 1514226 OK
12537461332112 486693 OK
12543671111111 2147802 OK
12543671211212 701679 OK
12543671331113 667369 OK
12543672121121 832976 OK
12543672321332 601833 OK
12543672322232 874904 OK
12543672331232 606084 OK
12543673111331 816815 OK
12543673221323 586778 OK
12543673231223 631280 OK
12543673233323 811255 OK
12546371221331 573361 OK
12563472131213 991959 OK
12563473131212 808421 OK
12564733323122 532248 OK
12567433232333 767717 OK
12576343212221 796385 OK
12637451132111 842303 OK
12637451332112 474180 OK
12643571321321 519100 OK
12645371131121 889246 OK
12673542331133 896062 OK
12734561112323 795762 OK
12734561322233 754429 OK
12734562313223 777323 OK
12745631111111 2875110 OK
12745632111122 756970 OK
12745632212213 713764 OK
12745632222221 781053 OK
12745632232211 797577 OK
12745633131131 743521 OK
12745633313312 641072 OK
12745633313333 591020 OK
12745633323311 647454 OK
12753462231323 870569 OK
12763452322232 747642 OK
12765432121313 1117070 OK
12765432222212 1540361 OK
12765433121213 1226267 OK
12765433331333 765652 OK
13245671321111 971302 OK
13246571111111 2232515 OK
13246571112233 669121 OK
13246571113232 1003838 OK
13246572321332 670306 OK
13246572331232 659531 OK
13246573221233 614696 OK
13246573321223 574113 OK
13246752133211 961746 OK
13247563212131 790407 OK
13254761322233 892945 OK
13254761323322 632120 OK
13254762321233 1093845 OK
13254763323122 674334 OK
13257641112233 707114 OK
13265741112323 1988187 OK
13265742131312 1239486 OK
13267451122211 788147 OK
13267451311133 751850 OK
13267541111132 973353 OK
13267541232212 605884 OK
13274651112323 1837954 OK
13275461112233 965798 OK
13275463213211 738636 OK
13275641112233 1053226 OK
13275641112323 1487995 OK
13275642131333 853625 OK
13275643212221 852547 OK
13276451113211 1026403 OK
13276451233133 707796 OK
13276541133122 712642 OK
13276541213312 971973 OK
13276541321123 671990 OK
13276541322311 869541 OK
13276541323112 608729 OK
13276541323322 651110 OK
13276542323312 829824 OK
13276543323122 588430 OK
13462571111111 1236843 OK
13462572213311 707504 OK
13527461211113 972566 OK
13542671231231 451585 OK
13546271213213 647722 OK
13546271231231 655523 OK
13546271321321 606923 OK
13572641122133 1052483 OK
13576241312213 1059190 OK
13576241321321 617724 OK
13627451332112 481636 OK
13642571221223 671033 OK
13642571223221 622474 OK
13642573221221 810780 OK
13645271221331 524353 OK
13647521111111 992027 OK
13675241112323 1094971 OK
13675242331313 770421 OK
13725642332132 677692 OK
13754262123323 1612826 OK
13762451321321 557959 OK
13764251211311 564013 OK
13764252323231 745051 OK
13765422121211 1162915 OK
14263751131121 644831 OK
14267351321321 629211 OK
14275633323122 642837 OK
14325671111111 4441110 OK
14325672112121 691936 OK
14325672231323 780259 OK
14325672323222 721851 OK
14325673123232 622679 OK
14325673232333 634188 OK
14325673311131 939040 OK
14327652131213 1014338 OK
14327653121213 975963 OK
14352672212111 828485 OK
14356721112323 1195765 OK
14356721322233 796630 OK
14367252322232 675445 OK
14367523311113 1345630 OK
14523672121313 707797 OK
14523673121312 891483 OK
14527631121311 704445 OK
14527631131211 821945 OK
14527631133311 705840 OK
14527631211131 720407 OK
14527631311121 908459 OK
14527632122213 1164047 OK
14527632212111 829388 OK
14527632333332 925183 OK
14527633132322 787290 OK
14527633312133 852454 OK
14536273311311 892424 OK
14537622231323 838117 OK
14563272323222 679998 OK
14567231312213 1053210 OK
14567231321123 793049 OK
14573261333111 644704 OK
14625731111111 1069016 OK
14625731131121 709822 OK
14625731322233 622552 OK
14625732112121 783946 OK
14625732113321 938372 OK
14625732213323 834134 OK
14625732233111 904262 OK
14625733133111 643691 OK
14632571111111 2135835 OK
14632571321132 670854 OK
14652733321331 634352 OK
14673251111111 1006027 OK
14723651111213 733708 OK
14723651111312 884552 OK
14723651112131 774823 OK
14723651113121 768457 OK
14723651211212 602769 OK
14723652322121 455304 OK
14723652331232 762022 OK
14723653232222 623676 OK
14723653313111 630066 OK
14723653321313 854425 OK
14725361111111 1249959 OK
14725361111123 835869 OK
14725361322332 839329 OK
14725362211121 761407 OK
14725363211213 504034 OK
14725363213121 556544 OK
14725363223213 736227 OK
14725363311113 679995 OK
14726531223122 823524 OK
14726531232122 609921 OK
14726531233313 600557 OK
14726531333312 694506 OK
14726532232313 700741 OK
14726533323122 712317 OK
14735621221112 798293 OK
14735621223113 601553 OK
14735621223332 903846 OK
14735621233112 772405 OK
14735621323112 809846 OK
14735621332112 633385 OK
14735621333111 696161 OK
14735621333222 531120 OK
14736251111132 748640 OK
14736251112332 594631 OK
14736253222223 809740 OK
14736521132222 587259 OK
14736521133131 604196 OK
14736521211212 678142 OK
14736521213333 603064 OK
14736521221313 706840 OK
14736521321231 1286926 OK
14736521322233 785412 OK
14736521332121 778586 OK
14736523112222 657357 OK
14736523113131 761998 OK
14752363222121 627400 OK
14752363232222 795866 OK
14752363233131 630697 OK
14752631111111 1408744 OK
14752631112311 796446 OK
14752631323223 783737 OK
14752632332132 645265 OK
14752633213223 638643 OK
14752633222223 833331 OK
14752633223123 671059 OK
14752633223231 667816 OK
14753261221112 763992 OK
14753261323112 823828 OK
14753261333111 703733 OK
14762351221331 641775 OK
14762351321231 1125741 OK
14762351331221 552796 OK
14763251221223 900396 OK
14763251222312 871363 OK
14763251332331 762040 OK
14763251333123 832623 OK
14763252322121 612549 OK
14763253132232 616149 OK
14763253133132 624407 OK
14763253133222 665630 OK
14763253133231 671656 OK
14763253221221 693769 OK
14763253222112 847165 OK
14763521113211 742543 OK
14763521113223 686362 OK
14763523222331 468228 OK
14765231111213 779129 OK
14765231111312 786613 OK
14765231112131 811682 OK
14765231113121 775907 OK
14765231133131 552851 OK
14765232211211 587499 OK
14765232232322 583644 OK
14765232331313 903638 OK
14765233113131 673940 OK
14765233323332 826397 OK
15236471111111 1317203 OK
15236473231121 777795 OK
15243671331221 508395 OK
15246371331332 730101 OK
15246371332331 867756 OK
15246372331331 698149 OK
15267431223113 540963 OK
15273641112323 1129343 OK
15324673113311 1343409 OK
15342671211311 740177 OK
15346271321321 504873 OK
15367421211113 1071279 OK
15367421223113 542212 OK
15367423211123 704680 OK
15426371111111 1228900 OK
15426371112233 900321 OK
15463271313113 525380 OK
15624732123212 768566 OK
15624732133313 939437 OK
15624732333332 723374 OK
15627431223113 506933 OK
15627431322113 781649 OK
15627431332112 459450 OK
15634722123332 920775 OK
15634722321233 877684 OK
15637423211123 801437 OK
15642371111111 3151032 OK
15642372213311 771546 OK
15642372231332 564383 OK
15642372331322 590002 OK
15642373212311 653416 OK
15642373221323 623627 OK
15642373231223 817635 OK
15643271221331 544862 OK
15643271331221 564724 OK
15643273223111 511662 OK
15647233213232 572186 OK
15672341113232 845360 OK
15672341323112 666825 OK
15672342323312 836016 OK
15672343213232 609668 OK
15672433312133 889613 OK
15724362212132 656516 OK
15724631111111 826018 OK
15724631211311 607491 OK
15724631322233 853070 OK
15724632123233 1079904 OK
15724632313223 848342 OK
15724632323231 810781 OK
15724632323333 1019229 OK
15724633132322 541954 OK
15734622331223 729959 OK
15746321111111 1300729 OK
15746321323211 703378 OK
15746322313112 662353 OK
15762342122213 1416477 OK
15763241111111 969886 OK
15763242323132 675388 OK
16243571132132 672080 OK
16243571231231 507241 OK
16243571321321 551922 OK
16245371231231 520729 OK
16254733312223 1591267 OK
16257431132111 781852 OK
16257433223123 607417 OK
16273541122133 1037402 OK
16273541321321 738324 OK
16275341312213 1051992 OK
16275343122221 588857 OK
16327453232333 759223 OK
16342571331221 533046 OK
16345271111111 3042453 OK
16345271133131 741002 OK
16345271222111 847343 OK
16345272322232 957955 OK
16345272333212 717445 OK
16345273122323 645212 OK
16345273233323 854288 OK
16347252131312 1198596 OK
16347253121312 1086827 OK
16357421223113 559588 OK
16374521112323 1546378 OK
16374523211123 580625 OK
16423572112121 731809 OK
16427531211311 630954 OK
16427531231321 659259 OK
16427532333233 1295525 OK
16453271111111 1457065 OK
16453271211113 561525 OK
16453272111131 657718 OK
16475233132313 930018 OK
16523473332323 601262 OK
16523741112212 891944 OK
16524731112212 703103 OK
16524731112233 876227 OK
16524731113133 735469 OK
16527341111111 947332 OK
16527431123333 1223471 OK
16527431222132 780627 OK
16527431312222 1301597 OK
16527431333213 824832 OK
16527432113333 1102293 OK
16527432211322 851669 OK
16527432231122 823632 OK
16527432231332 820822 OK
16527432331322 857634 OK
16527432333113 832036 OK
16527433312133 751162 OK
16532471111222 718863 OK
16534271111111 1316462 OK
16534271111132 587839 OK
16534273211111 938679 OK
16534723211123 1328234 OK
16537421111222 766503 OK
16537421113322 786286 OK
16537421113331 941219 OK
16537421223113 510165 OK
16537421233112 861878 OK
16537421332112 447935 OK
16542371221331 488499 OK
16542371331221 495347 OK
16542372112331 867061 OK
16543271221223 959794 OK
16543271223221 623866 OK
16543271331332 776825 OK
16543271332331 963388 OK
16543272331331 706742 OK
16543273221221 775609 OK
16543721111111 865737 OK
16543721113211 607446 OK
16547233332323 755760 OK
16547321113331 805395 OK
16572431111111 907959 OK
16572433213223 589931 OK
16573241123123 566820 OK
16573241312312 619800 OK
16574231113133 852258 OK
16723451122133 947581 OK
16723451322311 610579 OK
16725431121311 943321 OK
16725431131211 633789 OK
16725431211122 572670 OK
16725431211131 876805 OK
16725431311121 570978 OK
16725432211121 626309 OK
16725432232223 825441 OK
16725433113311 557827 OK
16725433122212 865635 OK
16725433333232 577852 OK
16735242122213 1263710 OK
16742352232313 875690 OK
16743252323222 801523 OK
16745232121313 927530 OK
16745232122222 827817 OK
16745233121213 934107 OK
16745233333313 1237775 OK
16753241221112 748576 OK
17246351111111 891638 OK
17265433111313 1034836 OK
17324561211323 743759 OK
17324561232332 670321 OK
17326452212111 1478549 OK
17356241212313 590651 OK
17356242211331 880918 OK
17362451211311 548548 OK
17362451231321 738366 OK
17362452213311 1067385 OK
17364251231231 593131 OK
17423653213232 479200 OK
17425631122112 593043 OK
17425631223113 562705 OK
17425631313113 671145 OK
17425631322113 805167 OK
17425631322332 871178 OK
17425631323112 835914 OK
17425631323223 677612 OK
17425631332112 507814 OK
17426531112233 694586 OK
17426531121212 783035 OK
17426531132312 820864 OK
17426531213123 963297 OK
17426531223221 595575 OK
17426531232233 1018459 OK
17426531313131 790033 OK
17426531331332 596319 OK
17426532121211 648927 OK
17426532331331 618496 OK
17435622211133 1278839 OK
17435623211123 1228200 OK
17436521323232 623112 OK
17452363213232 469080 OK
17452363322132 581575 OK
17452633213232 566550 OK
17453262211133 1064460 OK
17462352213311 989618 OK
17463251122112 584153 OK
17463251221331 548843 OK
17463251313113 633261 OK
17463251321231 667046 OK
17463251323112 871285 OK
17463251331221 550604 OK
17526431131121 634576 OK
17526431231321 809417 OK
17526432123233 832716 OK
17543261111111 1048516 OK
17543261132111 574470 OK
17642531111111 881407 OK
17642531112233 1030635 OK
17642533312211 599088 OK
17643251122112 590040 OK
21345671111111 2165006 OK
21345762223322 1206201 OK
21345762312323 1034161 OK
21345762313223 925746 OK
21345763332233 688718 OK
21346752313322 1524204 OK
21347562312323 1104382 OK
21354671122112 629792 OK
21354671131313 750781 OK
21354671221112 800566 OK
21354672311123 829001 OK
21354672311132 1036909 OK
21354672313211 4316788 OK
21354673131113 851550 OK
21354761112233 859130 OK
21354761112311 759034 OK
21354761113211 614883 OK
21354761113322 843323 OK
21354761122211 780803 OK
21354761133311 914238 OK
21354762213311 759971 OK
21354763312211 535774 OK
21357462311111 1121108 OK
21357463213331 816066 OK
21357642221132 1066169 OK
21364752311111 717567 OK
21364753212212 569273 OK
21365742221312 663772 OK
21365742312323 1114815 OK
21367451311331 764306 OK
21367452112112 821192 OK
21374653333121 628900 OK
21375462312233 1163395 OK
21375463333211 836092 OK
21376541111123 889447 OK
21376541112311 907905 OK
21376541122211 1081168 OK
21376541131133 880335 OK
21457631321123 948615 OK
21473563331312 877251 OK
21536742222131 749645 OK
21654372231323 643374 OK
21654372233321 752543 OK
21654373332122 563592 OK
21654373332221 717623 OK
21734652123131 777662 OK
23147562123131 995449 OK
23147651112323 893332 OK
23147652312323 710973 OK
23156471222132 678623 OK
23156471333132 560209 OK
23156473323332 704912 OK
23157461231333 853108 OK
23157462131123 807673 OK
23164573213133 641402 OK
23164752131312 901881 OK
23164753333313 763101 OK
23165471111111 1259286 OK
23165471311133 584314 OK
23165471312132 690303 OK
23165472111122 712856 OK
23165472111332 777598 OK
23165472132332 822224 OK
23165472311111 724663 OK
23165473233221 816907 OK
23165741112323 2008401 OK
23165741231312 955834 OK
23165742123131 1016521 OK
23165742131321 970716 OK
23165742131333 1051622 OK
23165742312323 1173828 OK
23165743331312 1238093 OK
23167541233322 705247 OK
23167542131222 732383 OK
23174652123131 905281 OK
23175463211222 665462 OK
23176452132221 622237 OK
23176453332233 943030 OK
23416752121211 1000687 OK
23417563232123 630000 OK
23456173212332 479774 OK
23456173233122 710723 OK
23456713212332 480037 OK
23475162121112 1053478 OK
23517462131333 1370520 OK
23576412233321 641218 OK
23576412312323 748142 OK
23657142121112 975745 OK
23671452122333 1403769 OK
23674153232321 693302 OK
23751461132123 662188 OK
23751463112321 485809 OK
23756143222331 661558 OK
23756411222312 627830 OK
23756413222112 676417 OK
23756413223312 613110 OK
23756413322312 643617 OK
24153672321233 648946 OK
24157361313212 785963 OK
24157362323111 772613 OK
24167353132232 783764 OK
24173652323231 598573 OK
24315673311311 1303172 OK
24315761122322 1043417 OK
24315762213323 906170 OK
24351671212211 923261 OK
24351673111133 953078 OK
24351673311311 1182342 OK
24351761111123 1178950 OK
24351761212232 637488 OK
24367511323112 857942 OK
24367513111121 542201 OK
24376512222122 995597 OK
24516732233111 928088 OK
24531673123121 688026 OK
24536713231232 586489 OK
24537613231322 905096 OK
24561372111131 791739 OK
24563711121212 903798 OK
24563712121232 876552 OK
24563713121222 1401522 OK
24571362221213 882023 OK
24571631121212 786708 OK
24615371112332 578771 OK
24615372213311 1363658 OK
24615731122313 731628 OK
24615731132333 1311391 OK
24615732111323 1199068 OK
24615732213311 820974 OK
24615732233321 958383 OK
24615733113323 1301656 OK
24615733311122 984472 OK
24617532233321 1102048 OK
24637512311132 1252829 OK
24651731113223 713457 OK
24651731333333 680934 OK
24715363311332 604145 OK
24715631111111 1330873 OK
24715631122121 789466 OK
24715631122133 776420 OK
24715632313223 528586 OK
24715633112111 689033 OK
24715633131131 693803 OK
24716532323231 1037667 OK
24731561111111 1725701 OK
24731562311231 663674 OK
24736512222332 1023393 OK
24751362221231 1218800 OK
24751362321113 1238738 OK
24761531221223 819750 OK
24763151111111 1240503 OK
24765313222112 683959 OK
25134672233321 735155 OK
25134672312323 514120 OK
25134672313211 1673405 OK
25137461111111 1674108 OK
25137461211323 605192 OK
25163741112323 1540246 OK
25314673111313 1370260 OK
25314673111331 1358394 OK
25314673131311 1527644 OK
25341673113311 1364507 OK
25341762313223 1323369 OK
25364172311231 1511030 OK
25364173223231 557858 OK
25367411211122 864696 OK
25413672323111 1290085 OK
25413763121222 995825 OK
25436711311313 709218 OK
25436712123122 834202 OK
25436712123332 722279 OK
25436712132122 762931 OK
25436712323231 514963 OK
25436713232321 808485 OK
25436713332122 735813 OK
25463713212332 560562 OK
25471362323132 659312 OK
25471631312213 1410948 OK
25631741212121 1209271 OK
25634713321232 841202 OK
25641371213132 591795 OK
25714632123131 1016800 OK
25714632223331 995813 OK
25714632313211 2863924 OK
25714633121333 1148843 OK
25716431212223 639902 OK
25716433223213 745243 OK
25731642232211 1225032 OK
25734162221111 816825 OK
25734613113323 875549 OK
25736141111123 1017244 OK
25736141233232 756830 OK
25736411133113 732949 OK
25736411231321 710039 OK
25736411321312 559463 OK
25736411331113 674383 OK
25736413123112 614001 OK
25741361232113 928670 OK
25741632222323 824490 OK
25741632312323 768856 OK
25743611233232 643097 OK
25763142223133 1183406 OK
25763411332322 623164 OK
26135742132221 692192 OK
26135742213323 1255012 OK
26135742332312 801289 OK
26153471122121 833616 OK
26153473131131 730290 OK
26153473132121 668206 OK
26154372332213 1494876 OK
26175432331133 810406 OK
26317451212211 1070072 OK
26345711223113 478419 OK
26371453112111 601433 OK
26415731322323 810244 OK
26415732121223 745867 OK
26415732233321 911384 OK
26435712222122 1187606 OK
26435712233321 951371 OK
26435712311132 908042 OK
26435712322322 1056958 OK
26435713311122 938235 OK
26435713333133 1202890 OK
26437512122312 700734 OK
26453172211133 984483 OK
26453711333333 925409 OK
26513471122121 848250 OK
26517343333313 1068613 OK
26534713333313 1110535 OK
26543171111111 1935872 OK
26543171123111 596145 OK
26547313131323 1366311 OK
26573413331312 806540 OK
26714531212133 626866 OK
26714532121133 1069046 OK
26715433231322 774447 OK
26741351232113 653228 OK
26743512121232 1330534 OK
27134561131133 806578 OK
27154632311132 782686 OK
27314652313211 946004 OK
27365412321212 932773 OK
27415363131113 972074 OK
27415632323231 864591 OK
27415633321322 924707 OK
27416532133232 615880 OK
27416533321232 842358 OK
27435612122222 501074 OK
27453161123111 473864 OK
27453161132111 748258 OK
27456133132223 720943 OK
27516341111111 941846 OK
27534161111111 1167286 OK
27534161111123 1133335 OK
27534162311111 633025 OK
27534612311132 943408 OK
27536412332312 584313 OK
27543611111123 836816 OK
27543611111132 623364 OK
27546312231122 1530801 OK
27613543333133 1034909 OK
27614353311332 946003 OK
27615431312333 815410 OK
27615432113321 1020959 OK
27615433313213 799705 OK
27634511131133 806274 OK
27634512233321 861643 OK
27643513311233 1292845 OK
31246753312211 1029233 OK
31247651113232 695959 OK
31247651323232 840436 OK
31256471231222 638554 OK
31257462222221 871678 OK
31257462312311 612253 OK
31257643311122 835504 OK
31264572122213 734036 OK
31264573132313 709629 OK
31264573222223 629810 OK
31264752132122 726667 OK
31264752313121 959943 OK
31265471111111 1439246 OK
31265471122112 583408 OK
31265471122133 662728 OK
31265471312213 784067 OK
31265471313113 609161 OK
31265471321111 684788 OK
31265472233321 1270544 OK
31265472312233 588314 OK
31265741233331 856358 OK
31267542222233 892981 OK
31267542313133 1028691 OK
31275461112233 1231513 OK
31275461322233 1145893 OK
31275462133211 925358 OK
31275462223211 800638 OK
31275462311213 686572 OK
31275462312212 912331 OK
31275463311122 1068220 OK
31276452133322 612449 OK
31276452313313 1002922 OK
31452671323211 611971 OK
31452671332232 604218 OK
31452672322331 661287 OK
31456722111221 530163 OK
31462751111111 1289691 OK
31462751113322 905437 OK
31475261322233 718290 OK
31475262331313 905292 OK
31475262333221 708917 OK
31524673332122 855107 OK
31527643332122 505047 OK
31564272212111 1265112 OK
31564272213311 745811 OK
31564273113311 884310 OK
31572461122133 1185965 OK
31624751112233 726096 OK
31624753312211 496158 OK
31627452221333 910479 OK
31654272313322 1207149 OK
31754621331122 825342 OK
31765242322121 724300 OK
32145671111111 2682828 OK
32145671123333 736333 OK
32145671132222 694494 OK
32145671221112 710868 OK
32145671333333 795957 OK
32145672113333 906076 OK
32145672212222 862682 OK
32145673112222 613135 OK
32145673311113 631752 OK
32146751232323 769227 OK
32146752232223 851627 OK
32147562313223 714153 OK
32147562333233 1237154 OK
32147651123333 771868 OK
32147651132222 616799 OK
32147651213333 846926 OK
32147651312222 834594 OK
32147652113333 918996 OK
32147652231332 714999 OK
32147652233213 1267912 OK
32147652331322 887728 OK
32147652332213 1186611 OK
32147653112222 666120 OK
32156471111111 1288212 OK
32156471113211 807896 OK
32156471232332 537663 OK
32156472312332 676503 OK
32156472332132 614843 OK
32156472332321 764702 OK
32156472333332 785216 OK
32156473223123 526570 OK
32156741112323 2124645 OK
32156742311123 890294 OK
32156742313223 964850 OK
32156742333131 651848 OK
32157641232323 681911 OK
32157642231323 706538 OK
32164571111111 1439303 OK
32164571111231 719945 OK
32164571232323 538806 OK
32164572232223 694751 OK
32164572232313 711416 OK
32164572233321 779799 OK
32164572312323 617104 OK
32164573323212 610055 OK
32165741111111 1105347 OK
32165741111132 586594 OK
32165741233223 577897 OK
32165742211112 953705 OK
32165742331112 796953 OK
32165743311131 805039 OK
32167451111111 1726606 OK
32167451213333 729954 OK
32167451222222 735232 OK
32167451312222 878167 OK
32167451333111 689151 OK
32167452211121 679949 OK
32167453222313 549347 OK
32167453313333 953227 OK
32167453321232 754651 OK
32174561112323 1667140 OK
32174561232113 1142834 OK
32174561232233 839034 OK
32174562231212 825451 OK
32174652312332 649716 OK
32174652332132 538440 OK
32175461111111 986661 OK
32175461113112 625462 OK
32175461221112 620677 OK
32175461333111 707041 OK
32175462233111 824014 OK
32175462312323 1034474 OK
32416753121222 1374228 OK
32417562113321 1457458 OK
32417652132131 608635 OK
32417653132121 584150 OK
32451762331121 563805 OK
32456173212332 562219 OK
32456711233133 1664478 OK
32465172112121 710270 OK
32465172132131 477787 OK
32465172133121 626973 OK
32465172332321 715869 OK
32465173123121 582313 OK
32465173132121 694624 OK
32465173133111 850292 OK
32465173233221 841085 OK
32475161232323 918583 OK
32475163331222 624359 OK
32476513232231 707936 OK
32517463131311 1263441 OK
32546713323212 648044 OK
32547611121113 656744 OK
32547611131112 680416 OK
32547611213111 709884 OK
32547611312111 822822 OK
32547612111311 846832 OK
32547613111211 640773 OK
32561471113133 645158 OK
32561471121311 753182 OK
32561471122211 851299 OK
32561471131211 842521 OK
32561471211131 1024660 OK
32561471311121 961633 OK
32561472133313 820629 OK
32561472213122 545168 OK
32561473222223 508443 OK
32561473323212 597291 OK
32567412122222 836059 OK
32567412131312 1087666 OK
32567412222212 1057378 OK
32567413131212 747962 OK
32567413133333 1190845 OK
32576142313223 697528 OK
32615473332122 680071 OK
32647152133121 799164 OK
32647153132121 541227 OK
32647512333233 1278821 OK
32657143121213 1086517 OK
32657412111212 898105 OK
32671453123313 982169 OK
32674152113333 1039097 OK
32714652332132 549126 OK
32716452123212 1422579 OK
32741651121311 1077376 OK
32741651131211 734314 OK
32741651211131 648651 OK
32741651311121 774114 OK
32741652111113 736775 OK
32741653111112 697266 OK
32745611223332 660047 OK
32745612313322 880219 OK
32745612322331 559712 OK
32751643321232 816948 OK
32754163211123 591360 OK
32756141233121 695217 OK
32761452121313 1133862 OK
32761452122222 923963 OK
32761452222212 1020718 OK
32761453121312 1401396 OK
32761453133333 750769 OK
32765411112221 578064 OK
32765411121113 925024 OK
32765411131112 549769 OK
32765411133113 634907 OK
32765411331113 620781 OK
32765412221312 902450 OK
32765412323222 899988 OK
32765413122212 816254 OK
32765413223312 524948 OK
32765413231223 832173 OK
32765413322312 536126 OK
34125672131213 741045 OK
34125672131312 921521 OK
34125672221222 737264 OK
34125673133333 771096 OK
34127651121113 734511 OK
34127651131112 751312 OK
34127651213111 603722 OK
34127651312111 829438 OK
34127652111311 614258 OK
34127653111211 810908 OK
34162752132212 1433100 OK
34165271112212 723884 OK
34165271121311 958634 OK
34165271131211 891360 OK
34165271211131 983093 OK
34165271311121 778238 OK
34165271311133 716710 OK
34165272323333 649035 OK
34165273133312 711899 OK
34165273222322 504405 OK
34165273311131 835384 OK
34167252213323 1212060 OK
34172562132332 591020 OK
34172562313331 922105 OK
34175263321232 779146 OK
34216572213122 974819 OK
34261572132131 430221 OK
34261572133121 586596 OK
34261573123121 542167 OK
34265712212132 920933 OK
34275161312213 1233859 OK
34275162112322 715428 OK
34275162213221 725853 OK
34516271111111 1504414 OK
34516272312332 821266 OK
34516722313223 1065048 OK
34517622231323 922331 OK
34521672223232 799848 OK
34526713232312 584138 OK
34527612211322 1074127 OK
34527612231122 924776 OK
34527612231332 983485 OK
34527612331322 808283 OK
34527613312133 1127832 OK
34561272122123 822573 OK
34561272122321 866566 OK
34561272212213 1135004 OK
34561272213122 871213 OK
34561272232211 1256393 OK
34561273221233 643509 OK
34561273233131 996135 OK
34561273311233 955235 OK
34561273313321 1216939 OK
34561273321133 761878 OK
34561273321223 721547 OK
34561721111111 904336 OK
34562171321111 724676 OK
34562171321231 668959 OK
34562172232313 827993 OK
34567212223232 851985 OK
34617252111212 1200811 OK
34617252123212 1101365 OK
34617252132212 1224775 OK
34617522221333 959365 OK
34621572132131 500758 OK
34625172111212 1095481 OK
34627512232313 908219 OK
34651271123111 930447 OK
34651272332132 595054 OK
34675212222122 975431 OK
34715262221123 1058551 OK
34716522223211 1051656 OK
34721652121313 1036426 OK
34721652131213 923159 OK
34721652221222 1183850 OK
34721652222212 1277959 OK
34721653333313 1057095 OK
34725611212211 653101 OK
34725612111113 786052 OK
34725612121322 931403 OK
34725612231212 648387 OK
34725612231332 615970 OK
34725612322232 877374 OK
34725612331322 746872 OK
34725613111112 780001 OK
34725613111133 801704 OK
34725613132223 661278 OK
34725613311113 592370 OK
34761252323222 780846 OK
35126741232212 752040 OK
35126742231233 674770 OK
35127462331331 800640 OK
35162472122231 670154 OK
35162472123233 677509 OK
35162473122221 734062 OK
35162473323131 803385 OK
35162473332122 656936 OK
35162473332131 721598 OK
35162742213323 1328121 OK
35167242132212 862897 OK
35172461232323 756355 OK
35174262213131 1200609 OK
35174262231113 664493 OK
35246171111111 1899303 OK
35246171113322 563295 OK
35246172213311 798237 OK
35267141223233 555382 OK
35267141321132 1445122 OK
35271461322233 884205 OK
35416721113112 668748 OK
35416723232213 762648 OK
35417622223133 1147874 OK
35426712131132 761728 OK
35426712311312 658240 OK
35426713111313 972545 OK
35426713131113 652706 OK
35426713312211 853672 OK
35461271111231 790839 OK
35461271321231 870896 OK
35461272222323 526131 OK
35462171131313 641525 OK
35462171212121 965423 OK
35462171221223 500540 OK
35462171332331 705697 OK
35462172213311 810543 OK
35462172223331 951201 OK
35462172312131 657655 OK
35462173123211 752394 OK
35462173131311 871747 OK
35462173221221 831378 OK
35462712322322 829956 OK
35472163222313 737724 OK
35472163231322 690178 OK
35476122221111 613870 OK
35614722321233 971861 OK
35617423131332 815160 OK
35624712121232 966869 OK
35624712321212 991058 OK
35624712321332 782775 OK
35624712331232 955921 OK
35714623111322 691544 OK
35721642221213 1760127 OK
35762142222113 901418 OK
36125471111333 575809 OK
36125471212112 838556 OK
36125471213111 768152 OK
36125471222111 982886 OK
36125471312111 737805 OK
36125472111311 698282 OK
36125472121223 456049 OK
36125473111211 756957 OK
36125473232222 573334 OK
36125473323233 610744 OK
36125743222331 1035988 OK
36127451333222 566596 OK
36145272122222 1032481 OK
36145272131213 1020365 OK
36145272131312 659878 OK
36145273333313 942406 OK
36147251121311 888572 OK
36147251131211 762048 OK
36147251211131 859174 OK
36147251311121 644616 OK
36147252111113 814116 OK
36147253111112 700090 OK
36152741231312 950741 OK
36152742131321 702756 OK
36172452133133 996825 OK
36217452131333 1326785 OK
36217541223311 565941 OK
36217543213112 610123 OK
36241573212332 570296 OK
36241753212311 867700 OK
36415272123212 808986 OK
36417522123311 716642 OK
36514272212111 1188294 OK
36521472113321 1278154 OK
36521472331121 592397 OK
36527411131133 814529 OK
36527412111113 832041 OK
36527412131222 880954 OK
36527412211322 667471 OK
36527412221312 568549 OK
36527412231122 646967 OK
36527412322232 765776 OK
36527413111112 882596 OK
36527413311311 602251 OK
36541272323222 668564 OK
36542712121322 1114905 OK
36547212121313 982367 OK
36547212122222 888949 OK
36547212131312 1181399 OK
36547212221222 806271 OK
36547213331333 942602 OK
36712542121112 1044924 OK
36712542121121 835032 OK
36712542121211 1157185 OK
36712542122111 930937 OK
36714252232223 656808 OK
36714521232113 1221936 OK
36714522121322 1314348 OK
36714522122213 917178 OK
36714523132223 791284 OK
36714523132322 662688 OK
36721451131331 604660 OK
36721452121322 940203 OK
36721452122123 628305 OK
36721452122213 1204194 OK
36721452122321 702913 OK
36721452131111 612226 OK
36721452223232 737653 OK
36721453113113 683597 OK
36721453121111 1262519 OK
36725411121212 1521028 OK
36725411131313 961068 OK
36725411212121 802398 OK
36725411313131 1134791 OK
36725412111212 975544 OK
36725412121112 1454721 OK
36725412121211 1375546 OK
36725412121232 1107593 OK
36725412123212 1580230 OK
36725412321212 1544268 OK
36725413111313 942250 OK
36725413131113 921578 OK
36725413131311 1146500 OK
36741252122123 881364 OK
36741252122321 817578 OK
36741252122333 1046942 OK
36741252123323 1110925 OK
36741253233131 777760 OK
36745211211221 717258 OK
36745212121223 785105 OK
36745212122312 912794 OK
36745212122333 856037 OK
36745212123323 900865 OK
36745212131111 648367 OK
36745212223232 839634 OK
36745213121111 996464 OK
36745213131131 658088 OK
36745213133111 742388 OK
36745213232213 653684 OK
36751243222322 624525 OK
36752142122132 798576 OK
36752142123221 684103 OK
36752143132232 551120 OK
36752143133222 673008 OK
36752143211132 698964 OK
36754123232222 928284 OK
37246511112233 1000039 OK
37256142321233 780498 OK
37415622333221 829396 OK
37426513132313 1034835 OK
37452162323312 853162 OK
37516422333311 703180 OK
37561241311112 673656 OK
37612453122233 586403 OK
37612542221111 844248 OK
37614252221123 731739 OK
37614521111111 1421465 OK
37614521323232 593153 OK
37614522111221 605560 OK
37614522113321 614706 OK
37614522313322 1114524 OK
37614522323312 731261 OK
37614523232213 1149631 OK
37615421113322 964240 OK
37615422211133 1074883 OK
37615422223133 1069558 OK
37615422313121 666890 OK
37615422313331 701487 OK
37615423121132 698238 OK
37624152311213 745318 OK
37624511232233 1085045 OK
37624512121322 858423 OK
37624512231212 992271 OK
37624513131323 725348 OK
37624513231313 816154 OK
37641252222323 698238 OK
37642152213311 1123993 OK
37642513122221 663009 OK
37645122312221 607619 OK
37651242211133 1177804 OK
37651422312311 948544 OK
37652141113232 622742 OK
37652143231322 791629 OK
37654212311222 674548 OK
41236753232321 724840 OK
41237561313131 926167 OK
41263751312222 1244910 OK
41325671212211 759252 OK
41325762313223 727466 OK
41325763131233 610661 OK
41352671212112 728684 OK
41352671212121 966673 OK
41352671222111 862746 OK
41357622313112 590259 OK
41367253111133 1012524 OK
41532672313211 2719536 OK
41532761233133 912032 OK
41563273113311 763246 OK
41576322212222 1300444 OK
41625372313211 3762087 OK
41625373121213 494582 OK
41625731222231 623373 OK
41635721212121 1252125 OK
41657321222312 554766 OK
41673252212222 1373222 OK
41673521111111 1180076 OK
41723562313211 1068580 OK
41725361232113 1013412 OK
41725361321213 874257 OK
41725362221213 982401 OK
41725362313211 1374697 OK
41725362313223 1153362 OK
41725363121222 924319 OK
41725363121231 773449 OK
41725631111111 987493 OK
41725631211122 625992 OK
41725632322331 603382 OK
41725633111133 687852 OK
41725633121123 868221 OK
41725633211111 605673 OK
41726352313322 942747 OK
41726532312233 982466 OK
41735261323313 769156 OK
41735262312233 1002647 OK
41735263123223 649634 OK
41735621233232 573818 OK
41735622313322 975454 OK
41736521233232 731271 OK
41736522332231 508523 OK
41752631222123 653695 OK
41752632311123 1003402 OK
41752632312323 822496 OK
41752632313211 3230567 OK
41756231321213 867179 OK
41756233121231 766967 OK
41762532221333 840190 OK
41762533123331 718459 OK
41765231233232 580541 OK
41765322221312 719529 OK
41765322313211 1792682 OK
41765323122212 751780 OK
42136752131312 1055403 OK
42137561123333 1006465 OK
42137653122131 601334 OK
42137653132121 561486 OK
42157633231322 695373 OK
42163751121212 964968 OK
42165373223123 481309 OK
42167532131333 1107988 OK
42315673112111 607868 OK
42351671212211 862579 OK
42351763231133 1094750 OK
42367153111121 555059 OK
42367153211123 687575 OK
42516372233111 1374008 OK
42561733323122 542775 OK
42573612323231 829227 OK
42573613322231 685523 OK
42613572313211 1552737 OK
42615371313332 900899 OK
42615372213311 1298671 OK
42615372221213 749773 OK
42615372313211 2078544 OK
42651372213311 895881 OK
42651733311122 1036383 OK
42673512232133 1215346 OK
42751632321233 1109513 OK
42751632323231 862564 OK
43126572133313 910088 OK
43167251232212 865076 OK
43176252123131 673158 OK
43176252311132 834635 OK
43216573132121 635424 OK
43216573132223 568088 OK
43216573212311 610199 OK
43216573212332 887283 OK
43512671313332 528897 OK
43527612312323 557825 OK
43561271111111 1047297 OK
43571262122222 1237624 OK
43572161111111 1197186 OK
43572612312323 1076906 OK
43576211123222 580816 OK
43576212112232 1081357 OK
43615271333312 507008 OK
43615272113321 1207508 OK
43617521223221 802839 OK
43621752213323 1305852 OK
43651722323132 998585 OK
43675122222122 1291826 OK
43675211221331 608999 OK
43721653231313 826771 OK
43751623123313 1020641 OK
43765212222122 1207422 OK
45167323322231 724468 OK
45176231131313 1504509 OK
45176231133113 1107207 OK
45176231331113 1283838 OK
45176233131113 1509130 OK
45176321131133 1405437 OK
45213672221123 679563 OK
45273162222122 1189939 OK
45276131131133 1241603 OK
45312671222312 534276 OK
45312672223331 966886 OK
45312672233321 883990 OK
45312672313211 3841602 OK
45312673132313 1063852 OK
45312673222112 614767 OK
45312673231313 985672 OK
45312761113211 791663 OK
45312761133311 675660 OK
45312762221111 820892 OK
45312762311111 635069 OK
45321671212211 806045 OK
45321671221121 777335 OK
45321673113311 1282223 OK
45327612222323 789054 OK
45362712122222 1143883 OK
45367122223133 1019424 OK
45367211111132 797491 OK
45367211211122 738756 OK
45367213111133 878096 OK
45376121131133 1375971 OK
45376121331311 985518 OK
45376211333123 624459 OK
45376213131323 1039601 OK
45376213333322 638223 OK
45612371133221 833960 OK
45612372331121 580931 OK
45612373112231 646262 OK
45612373132121 666159 OK
45612373132223 612474 OK
45612373322111 619522 OK
45612373332122 611574 OK
45612373332221 669135 OK
45613271331221 615837 OK
45613272233111 1425235 OK
45621373123331 740673 OK
45621373211111 1018116 OK
45621732212123 881423 OK
45621732233333 864188 OK
45623712332123 564415 OK
45623713322321 520688 OK
45637123132121 651287 OK
45637123332122 497122 OK
45671231132231 681183 OK
45671233112132 548988 OK
45673212212132 800290 OK
45673213211222 585652 OK
45713623223132 585720 OK
45721363321313 809067 OK
45721363322231 840202 OK
45732612233321 600522 OK
45736121122211 1188024 OK
46123571111111 1135300 OK
46123573232123 749794 OK
46125731333123 537440 OK
46127351131313 952920 OK
46127352131333 1203063 OK
46127353131323 1297155 OK
46135272133313 876707 OK
46153273131131 1137325 OK
46157233333232 721085 OK
46157321331233 609153 OK
46215372121223 582710 OK
46215372313211 2513327 OK
46257132211133 1185110 OK
46257313312211 1314179 OK
46273512122312 748201 OK
46273513221212 513079 OK
46275311123222 560246 OK
46275312112232 1093861 OK
46275312132212 1046313 OK
46275312232133 1073916 OK
46275312313211 1054748 OK
46275313121222 655306 OK
46275313312211 972492 OK
46321752111131 850076 OK
46352171211233 689008 OK
46352172113231 761296 OK
46372511221331 655268 OK
46375211211332 642157 OK
46375212113111 574119 OK
46375212132131 548900 OK
46375212132221 704473 OK
46375212332222 823917 OK
46375213112111 748249 OK
46375213123121 714535 OK
46375213333121 533733 OK
46512371331221 664042 OK
46512372113321 1313344 OK
46513272332111 696224 OK
46513273113221 566296 OK
46523711331332 615882 OK
46527133111121 560572 OK
46572311223122 673291 OK
46572312132122 622532 OK
46721533123313 990162 OK
47123562232133 1120693 OK
47123651233232 587082 OK
47126351233232 741649 OK
47126532133133 663875 OK
47132562311111 689044 OK
47132563222331 833361 OK
47132652233321 871873 OK
47135622132332 620891 OK
47136252133112 853114 OK
47152361233232 519058 OK
47152631322131 654259 OK
47156231332313 775304 OK
47156233211132 1075037 OK
47156233223312 725289 OK
47156233233113 828449 OK
47156233322312 510976 OK
47156321111111 795586 OK
47156321133311 648970 OK
47156322132311 738875 OK
47156322313232 832852 OK
47156322332132 542271 OK
47156322332312 515518 OK
47156323223123 600184 OK
47162351322122 548204 OK
47163522131222 678112 OK
47165321232113 1049939 OK
47165321322131 1107945 OK
47165322132212 872375 OK
47165322133112 903479 OK
47165322232133 918684 OK
47165322313211 1288476 OK
47216352131333 1196359 OK
47251363131113 910125 OK
47251632131312 1141901 OK
47256133212311 898980 OK
47256133321232 531808 OK
47265312122222 664501 OK
47265312131312 1070620 OK
47265312313211 2698543 OK
47321651311133 857476 OK
47352612123131 684324 OK
47352612311132 788235 OK
47352612313211 1763776 OK
47512632312323 623274 OK
47621532232331 688997 OK
47621533231121 681217 OK
47632152233321 720697 OK
47632153212311 1002108 OK
47632153232321 770305 OK
47632513212332 908433 OK
47652132231323 832733 OK
47653213211231 1054196 OK
47653213232111 609210 OK
51264731113322 806289 OK
51264732213311 738028 OK
51267342312233 1437976 OK
51324671211122 775499 OK
51324672212111 980700 OK
51324673113311 1274626 OK
51324761111123 923482 OK
51324763113332 774788 OK
51342672212111 891059 OK
51342763312223 1894040 OK
51367241211113 854964 OK
51423671221331 611564 OK
51426731111111 1276492 OK
51426733312211 803189 OK
51472361131313 847386 OK
51472633331312 895978 OK
51623471321111 662473 OK
51623743313321 709858 OK
51624731312123 1051517 OK
51624733323113 629236 OK
51632741323232 662830 OK
51642371122313 686784 OK
51642731113322 1204481 OK
51647231113232 635797 OK
51723643131311 897451 OK
51724362122222 931948 OK
51724363121213 815085 OK
51726433123313 1100803 OK
51732643121213 1311600 OK
51742632323231 943353 OK
51742632323333 912682 OK
52134761232113 638304 OK
52147631121311 884076 OK
52147631131211 756843 OK
52147631211131 733681 OK
52147631311121 639127 OK
52147632111113 702492 OK
52147633111112 937993 OK
52163471112122 642317 OK
52163471213111 772518 OK
52163471312111 701030 OK
52163471333123 579258 OK
52163472111311 704491 OK
52163472131222 538064 OK
52163473111211 749372 OK
52163473111331 669037 OK
52163473221323 529062 OK
52163473323332 1036166 OK
52167342121232 812870 OK
52167432121313 778001 OK
52167432122222 1210450 OK
52167432131213 819768 OK
52167433133333 1263343 OK
52167433331333 996581 OK
52174633223123 803414 OK
52314673311311 1320273 OK
52314761322122 649642 OK
52341671111111 3931674 OK
52341671122211 959669 OK
52341671311313 596066 OK
52341672211112 698898 OK
52341672232313 631128 OK
52341672323222 830607 OK
52341672323312 1169180 OK
52341673133111 663075 OK
52341673232213 614070 OK
52341673232333 573986 OK
52341673323212 977357 OK
52361472121313 1059258 OK
52361472131312 881362 OK
52367142211121 795574 OK
52367412322232 764350 OK
52374161112323 1492209 OK
52376413222223 604580 OK
52463173212332 757298 OK
52463713212332 746286 OK
52471631223113 628791 OK
52471631323112 772089 OK
52614372313211 2097281 OK
52641733212311 757833 OK
52641733232321 639617 OK
52673413232123 581904 OK
52713461232323 679256 OK
52714361232113 1284377 OK
52714633213223 683980 OK
52714633223123 661379 OK
52731641233112 601635 OK
52731641323112 579984 OK
52736141322233 991545 OK
52741362313211 759356 OK
52741362313223 768504 OK
52741632122333 1057296 OK
52741632123323 1261216 OK
52741632212213 802586 OK
52741632212231 954187 OK
52741632232211 813252 OK
52741633221233 832511 OK
52741633313312 785911 OK
52741633313321 916405 OK
52741633321223 882165 OK
52741633323311 831839 OK
52743611111213 684071 OK
52743611111312 831154 OK
52743611112131 624503 OK
52743611113121 829892 OK
52743612131111 645541 OK
52743613121111 978516 OK
52761431111213 652093 OK
52761431111312 663873 OK
52761431112131 793839 OK
52761431113121 636990 OK
52761432131111 612610 OK
52761433121111 962349 OK
52763143222331 953828 OK
52763411222312 994243 OK
52763411333123 888111 OK
52763413222112 1034042 OK
52763413223312 1033022 OK
52763413322312 986733 OK
53126471231231 788289 OK
53126471231321 826466 OK
53126471321321 589318 OK
53146272123233 1026363 OK
53147262123131 730915 OK
53162743312223 2647379 OK
53274163211222 819391 OK
53421671321111 963242 OK
53421671321231 825997 OK
53426171112233 877983 OK
53462711113322 1099060 OK
53467211321111 612475 OK
53476121323112 778475 OK
53476121323322 682339 OK
53614721212121 1161025 OK
53621471331221 507590 OK
53642171111111 1952026 OK
53672142221213 1499198 OK
53714622233111 1286553 OK
53721463223312 586836 OK
53724612121112 1088524 OK
53726143333121 557283 OK
53741621323112 724600 OK
53741621332112 685620 OK
53742612323333 934317 OK
53761242121211 971940 OK
53761242221213 1236199 OK
53761242321212 958004 OK
53762143222331 621781 OK
53762413322123 902630 OK
54123673233323 689888 OK
54126371331221 580132 OK
54127632131213 1223385 OK
54127632222212 849956 OK
54127633131212 1017608 OK
54127633133333 997053 OK
54127633333313 1008522 OK
54163271133221 667311 OK
54163272233111 1343842 OK
54167231121113 725372 OK
54167231131112 738373 OK
54167231221211 579396 OK
54167231333213 615370 OK
54167232112112 760031 OK
54167232133313 876511 OK
54167232333113 619383 OK
54167233232333 993953 OK
54167233331213 600669 OK
54172633132313 836161 OK
54217362233213 1302739 OK
54217632132212 1705720 OK
54231671123111 929304 OK
54231673123121 530069 OK
54261373123121 531730 OK
54261732231233 704569 OK
54276132233312 716653 OK
54312671131331 830773 OK
54312672212111 862725 OK
54312673311311 1307311 OK
54317261113112 636887 OK
54317621111222 819007 OK
54321672212213 932066 OK
54321672212231 838341 OK
54321672232211 1036817 OK
54321673313312 1080458 OK
54321673313321 1533056 OK
54321673323311 1330131 OK
54321761211221 584914 OK
54321763113113 775605 OK
54326171111231 1100196 OK
54326171112233 574755 OK
54326171321231 673842 OK
54326711112212 633526 OK
54327612223232 765262 OK
54361272223232 802698 OK
54362171113133 680719 OK
54362711111231 580182 OK
54362711323112 691394 OK
54367121112212 1102194 OK
54367121113211 769504 OK
54367121113331 899736 OK
54367122211121 761948 OK
54367122311111 968776 OK
54367123311113 876382 OK
54367211132222 844116 OK
54367211213333 1202807 OK
54367211222132 653798 OK
54367211333213 885057 OK
54367212211322 1227265 OK
54367212231122 909787 OK
54367212233213 830056 OK
54367212332213 878650 OK
54367212333113 882075 OK
54367213112222 1018920 OK
54367213312133 1202438 OK
54371261113331 943346 OK
54371621113112 891424 OK
54371621113322 640694 OK
54376121322233 948892 OK
54376211111132 712713 OK
54376211111222 580408 OK
54376211113133 876965 OK
54612371112311 1404760 OK
54612372222131 924201 OK
54612732112223 815698 OK
54612733322213 671766 OK
54621371133311 1141003 OK
54621372211121 973955 OK
54637211132111 565019 OK
54671232221213 844952 OK
54712361323313 630694 OK
54712362223322 997043 OK
54716232222113 921747 OK
54716321112323 1066593 OK
54716322313223 578612 OK
54721631111111 3343908 OK
54721631122121 721667 OK
54721631311133 668345 OK
54721632133232 552805 OK
54721632212222 624415 OK
54721632212231 583350 OK
54721633231322 583736 OK
54721633313321 618155 OK
54721633333331 661951 OK
54723612131312 1148391 OK
54723612221222 1098214 OK
54723612222212 1137716 OK
54723613121312 1079194 OK
54723613333313 1122248 OK
54761233322321 678725 OK
54763212322232 826102 OK
56123471222312 677698 OK
56123471223221 643333 OK
56123471331332 1000890 OK
56123471333123 852981 OK
56123472322121 782243 OK
56123472331331 642544 OK
56123473133132 793057 OK
56123473133231 779294 OK
56123473222112 654957 OK
56123473223312 614585 OK
56123473322312 667677 OK
56124371111231 696172 OK
56124371232323 757441 OK
56127433332323 644106 OK
56132472333332 830908 OK
56132473211111 730440 OK
56132473213211 713895 OK
56143273332323 755550 OK
56147231222132 1270483 OK
56147231333213 833078 OK
56147232233213 1026605 OK
56147232332213 985764 OK
56147232333113 687920 OK
56147322333233 1018040 OK
56173421113112 594965 OK
56174232323333 748892 OK
56174321232113 1196252 OK
56213471111111 1288633 OK
56213743313333 909507 OK
56243173133111 858958 OK
56243713121333 1064575 OK
56247132333233 847388 OK
56271433111313 922019 OK
56271433123313 1010331 OK
56271433132313 908716 OK
56274132331133 629522 OK
56274312313211 1596546 OK
56321473233323 587558 OK
56321742211112 1070164 OK
56324171221331 566911 OK
56327411211332 608876 OK
56327413213112 611796 OK
56341273121213 862500 OK
56341273131212 788909 OK
56347122333233 993376 OK
56347211213111 698937 OK
56347211222132 608815 OK
56347211312111 757508 OK
56347211331131 717619 OK
56347212111221 1119907 OK
56347212111311 995643 OK
56347212123233 949234 OK
56347212232223 680112 OK
56347213111211 795787 OK
56347213131332 835501 OK
56423171231231 561043 OK
56423171231321 750989 OK
56423171321321 553202 OK
56423172112121 717066 OK
56423173132121 693557 OK
56423173133111 843421 OK
56432713122122 686651 OK
56712341232113 782785 OK
56712343211123 727823 OK
56721343123331 679245 OK
56721432312233 1083105 OK
56723411113313 626875 OK
56723411121113 965893 OK
56723411131112 554175 OK
56723411222312 545109 OK
56723412122312 880724 OK
56723412323222 871514 OK
56723413221212 814315 OK
56723413222112 574619 OK
56723413331111 548195 OK
56732143122113 972053 OK
56741231121311 815222 OK
56741231131211 853769 OK
56741231211131 809985 OK
56741231311121 732004 OK
56741232111113 741187 OK
56741233111112 692626 OK
56743212122222 1008145 OK
56743212221222 1081733 OK
56743213121213 1272779 OK
56743213121312 1036103 OK
56743213331333 905308 OK
57123461111111 874959 OK
57164322131312 620276 OK
57214361323232 590111 OK
57214632212213 1637971 OK
57236141113232 635290 OK
57236141322233 576045 OK
57236141323232 1008688 OK
57241631322113 564133 OK
57241631323112 526858 OK
57246131112233 885867 OK
57264132111323 768597 OK
57321641311112 664808 OK
57321642311132 771023 OK
57364212213311 981065 OK
57364212313211 859176 OK
57364213332122 501868 OK
57642311113322 609891 OK
61234572231323 641352 OK
61234573232213 636628 OK
61235741313131 1247959 OK
61257343232123 747797 OK
61274351313131 1033124 OK
61274532231323 624640 OK
61352472233321 895483 OK
61352472313211 1790182 OK
61452731311313 871947 OK
61453721111111 1265845 OK
61453721311112 685707 OK
61453723111121 577905 OK
61472532123332 804241 OK
61472533112111 598362 OK
61527431111111 1617175 OK
61534272311132 959672 OK
61534721112311 828444 OK
61534721113211 579264 OK
61543271111111 2076240 OK
61543271112311 837603 OK
61572432312323 810663 OK
61734523222331 765832 OK
62134572321323 727001 OK
62135471122121 777281 OK
62135472132131 589275 OK
62135473122131 648067 OK
62135473123121 676985 OK
62135473131131 773460 OK
62135473132121 712004 OK
62135473232231 599605 OK
62135473322321 725509 OK
62135743222331 597191 OK
62135743312223 2135459 OK
62147353123121 605896 OK
62147353132121 591783 OK
62154733321121 616446 OK
62157342132212 896614 OK
62173543232132 645961 OK
62174351122133 1156196 OK
62174533311212 974055 OK
62317453112111 708499 OK
62317453312211 887716 OK
62351743112123 1521790 OK
62371453311311 627210 OK
62374511322311 558752 OK
62374513112321 865684 OK
62374513312112 506622 OK
62435172211133 1117402 OK
62435172311132 1175359 OK
62435711222222 747174 OK
62453713311122 1061635 OK
62471532232133 770546 OK
62475131322323 701418 OK
62531472321233 604182 OK
62543711211113 589676 OK
62543711311112 495459 OK
62571432321233 738868 OK
62735143223213 789663 OK
63125741112323 2119165 OK
63125743131233 546251 OK
63125743133312 675699 OK
63142571111111 1870289 OK
63142571132321 1148567 OK
63142573112123 903941 OK
63172452312323 733007 OK
63172452313211 2233952 OK
63174522332132 548236 OK
63247511123132 622019 OK
63251743133231 756751 OK
63452711311313 712783 OK
63452712333221 581552 OK
63471522123131 784296 OK
63471522323132 772866 OK
63471522332132 598324 OK
63472512123332 806684 OK
63512743313333 914737 OK
63541271212211 1336059 OK
63542713121333 1222841 OK
63574212123131 794258 OK
63574212313211 1563389 OK
63712542221111 842950 OK
63714252123131 962757 OK
63714521112323 888072 OK
63714522332132 520458 OK
63721541233322 620284 OK
63724153121213 1067392 OK
63725141112323 1231995 OK
63725141233121 700020 OK
63725142123131 1155981 OK
63725142223133 1295190 OK
63725143122113 998262 OK
63725143123313 1461247 OK
63741252222323 829669 OK
63741522123131 1013488 OK
63742511232221 633110 OK
63745123122212 682537 OK
63751242221321 785209 OK
63751423122311 851199 OK
63752141111111 1108468 OK
63752141122211 1001080 OK
63752141123213 835334 OK
63752142332132 483285 OK
63752143123223 674363 OK
63752143212323 531920 OK
63752143223123 688460 OK
63752411223212 605862 OK
63752411333213 956969 OK
63752412312323 853642 OK
63752412322112 611912 OK
63752412333113 951749 OK
63754213122122 594158 OK
64125371131313 1080544 OK
64157321133212 1372095 OK
64231572311132 854353 OK
64257131113223 675422 OK
64271533221212 741674 OK
64275131212223 860121 OK
64275131312123 926637 OK
64275132211133 1117833 OK
64275132232133 1043863 OK
64275133231112 920483 OK
64275133312211 939410 OK
64275311112332 764299 OK
64275311222222 639820 OK
64275313312211 822789 OK
64321572111131 866674 OK
64321572132131 551390 OK
64321572311132 870376 OK
64325713121222 1552178 OK
64351272132131 500847 OK
64357212313211 759447 OK
64357213231322 885076 OK
64357213312211 759611 OK
64531271212211 1109079 OK
64531272132131 468514 OK
64531273122131 558079 OK
64531273123121 657115 OK
64531273311311 779963 OK
64531273312211 711007 OK
64572131122223 837253 OK
64713253112111 699048 OK
65123471112311 693744 OK
65123471233232 522204 OK
65123472312311 645994 OK
65132471212112 621378 OK
65132471222111 769546 OK
65132471231321 959214 OK
65132471323121 627470 OK
65132472131231 579982 OK
65132472212231 986988 OK
65132472233321 1091246 OK
65132473111331 793880 OK
65132473313312 538286 OK
65132473323311 588132 OK
65132741223323 697560 OK
65132743222331 730092 OK
65134721233232 645121 OK
65147321232113 1086397 OK
65172431132333 930270 OK
65174232123131 845329 OK
65174232133313 678221 OK
65174232323312 677761 OK
65174233323212 716661 OK
65174233331213 847782 OK
65174322313211 973204 OK
65174323223123 711411 OK
65213741111111 876584 OK
65241371111111 1920526 OK
65243712121322 1135854 OK
65271341332331 525271 OK
65271432231233 539748 OK
65274131111111 949229 OK
65274131311313 564594 OK
65274131312213 840401 OK
65274132123332 628775 OK
65274133132223 670121 OK
65274133232321 713193 OK
65274133312223 690232 OK
65314272311132 759071 OK
65314272313211 2018186 OK
65321472111122 736148 OK
65417321232113 764205 OK
65417323223123 598149 OK
65417323232123 622977 OK
65423713321322 668478 OK
65432173232321 834817 OK
65471231132213 992798 OK
65714323223123 667378 OK
65723143321313 716197 OK
65732411333123 1328091 OK
65742311212313 659314 OK
67132541133311 1094366 OK
67145323133312 748499 OK
67154233323332 888567 OK
67215343333133 971283 OK
67231541323112 890467 OK
67231543323122 824639 OK
67234513332122 542138 OK
67245131313323 554127 OK
67245311112311 983304 OK
67245311133233 706227 OK
67254311131133 1135170 OK
67254313311113 765246 OK
67312452233321 795839 OK
67312541121221 653018 OK
67312542221111 860057 OK
67321451111123 754320 OK
67321451112311 671048 OK
67321451212211 1220481 OK
67321451311133 661288 OK
67321452111122 668787 OK
67321453113311 649409 OK
67321542232133 1042129 OK
67341252222323 661395 OK
67342512222113 647164 OK
67345122223133 1243298 OK
67345122232133 1199860 OK
67345211111123 638674 OK
67345211111132 678147 OK
67345211112233 837499 OK
67345211113322 600982 OK
67345211211122 945419 OK
67345211311133 938215 OK
67345212111122 517666 OK
67345213111133 605602 OK
67354121111111 1165164 OK
67354211212121 768844 OK
67354211313113 1226641 OK
67354211333111 1025140 OK
67354212111221 719878 OK
67354212212222 1038038 OK
67354212311132 873744 OK
67354213111313 790151 OK
67354213131311 727242 OK
67354213211132 809008 OK
67354213313333 1039936 OK
67412353132121 830708 OK
67412353332221 631052 OK
67412531131133 867984 OK
67435121332112 501168 OK
67435123123121 507137 OK
67452313321232 822863 OK
71234563231322 969658 OK
71263541333222 1004225 OK
71263542323123 1062945 OK
71264533131323 1180345 OK
71264533221323 767297 OK
71264533231223 1018635 OK
71264533231313 1088180 OK
71326451211311 690628 OK
71326453132121 607867 OK
71326543333313 1176662 OK
71345262132131 694876 OK
71362453113311 807381 OK
71365423331312 1156079 OK
71423563213232 514278 OK
71423653213232 529167 OK
71426353312211 987042 OK
71426533333223 897247 OK
71432561232323 680921 OK
71432561323232 573003 OK
71432562111221 686766 OK
71432563232213 806037 OK
71432563323113 551831 OK
71432563323122 684986 OK
71432563332113 796555 OK
71435261322233 925111 OK
71435262222122 623732 OK
71435263211123 1184469 OK
71435263311122 1236295 OK
71435263333133 895796 OK
71435263333223 959386 OK
71435623333331 870236 OK
71436253333112 986032 OK
71452363213232 506915 OK
71452632222131 687626 OK
71453262222221 565337 OK
71453623311122 1391960 OK
71456321322323 705854 OK
71456322111221 687009 OK
71462531113322 841231 OK
71462532111212 790961 OK
71462532121112 689594 OK
71462533111223 1085533 OK
71462533221113 700366 OK
71463523331222 679364 OK
71523463131311 1238769 OK
71523463231313 1211784 OK
71523463331312 1184706 OK
71532463221332 721969 OK
71534262122222 802978 OK
71542633132322 793734 OK
71543622111131 639324 OK
71543623111121 746498 OK
71546233331213 1031367 OK
71546322231212 1126363 OK
71562433123232 789686 OK
71563243221221 553418 OK
71625433213133 1309822 OK
71643252231212 1066492 OK
71643523331213 1147978 OK
72134562312212 806114 OK
72136541322233 651402 OK
72143563222331 545648 OK
72143651121113 739883 OK
72143651131112 814436 OK
72143651213111 788307 OK
72143651312111 568944 OK
72143652111311 710278 OK
72143653111211 706505 OK
72145631233223 622132 OK
72145633232231 591134 OK
72145633312223 1918434 OK
72146352232223 701940 OK
72163452122222 934643 OK
72163453121213 977347 OK
72163453131212 1204182 OK
72163453133333 982584 OK
72163453331333 1225867 OK
72164353131113 1132666 OK
72165431113331 720213 OK
72165432111113 640993 OK
72165432111122 925811 OK
72165432211112 774547 OK
72165432323312 764562 OK
72165433111112 799104 OK
72165433121333 970323 OK
72165433221233 746978 OK
72165433233323 868732 OK
72165433321223 561757 OK
72165433331213 1104169 OK
72345611111111 1388924 OK
72345611133113 789357 OK
72345611221223 474203 OK
72345611222222 461456 OK
72345611331332 549575 OK
72345612122111 553456 OK
72345612331331 475463 OK
72345613221221 502425 OK
72345613333331 984820 OK
72356141112323 982703 OK
72356141232113 768129 OK
72356143211123 680477 OK
72361453232333 740534 OK
72361542333233 1302609 OK
72365412222212 723987 OK
72365413121312 1211689 OK
72365413131212 1021298 OK
72365413331333 1022574 OK
72435163333313 1580483 OK
72513641232323 617691 OK
72513641233322 636781 OK
72516342313223 833085 OK
72531463321232 950038 OK
72534163211123 1102216 OK
72541631111213 779780 OK
72541631111312 795198 OK
72541631112131 660457 OK
72541631113121 916497 OK
72541632131111 703409 OK
72541633121111 863137 OK
72543162311111 616747 OK
72543163211111 697573 OK
72543611221223 679035 OK
72543611223221 643167 OK
72543611331332 816163 OK
72543611332331 835431 OK
72543612331331 677883 OK
72543613132232 932502 OK
72543613133222 699800 OK
72543613221221 714495 OK
72543613223312 909513 OK
72543613322312 783596 OK
72546311323112 666974 OK
72546313323212 785140 OK
72561342313223 1149537 OK
72561432213122 1074179 OK
72561433221233 894230 OK
72561433311233 1422180 OK
72561433321133 1213924 OK
72561433321223 816503 OK
72563411111213 753388 OK
72563411111312 757861 OK
72563411112131 1010366 OK
72563411113121 737760 OK
72563412131111 611358 OK
72563413121111 795231 OK
72643513212311 855787 OK
72643513212332 546685 OK
73125463133132 690099 OK
73146522113231 564557 OK
73246153312211 922026 OK
73456123231322 863339 OK
73516243323113 572067 OK
73516243332131 577547 OK
73541262321212 958207 OK
73542163321133 839950 OK
73542613132121 638478 OK
73542613132322 695629 OK
73564213321322 779496 OK
73614251112323 1124480 OK
73615241112323 1361172 OK
73615241113322 973019 OK
73615242223133 995372 OK
73615243123313 818845 OK
73615243213313 789225 OK
73615243331312 1015785 OK
73615243332311 914546 OK
73615421113322 619757 OK
73615423213211 885566 OK
73615423333331 787292 OK
73624513121132 1244917 OK
73624513332131 927819 OK
73625141112323 1100914 OK
73625143121213 669347 OK
73625143333313 1037941 OK
73625412222323 665622 OK
73642511111111 1458894 OK
73642511113232 1073310 OK
73642511113322 971946 OK
73642513223222 812020 OK
73645121113211 912142 OK
73645122222311 664159 OK
73645211223113 643447 OK
73645211231111 689997 OK
73645211321111 626047 OK
73645211332112 559470 OK
73645213112231 730167 OK
73645213333112 758141 OK
73651241113322 808917 OK
73652413211312 815454 OK
73652413331321 893739 OK
73654122111122 859735 OK
73654122221111 636832 OK
73654211111132 702149 OK
74123563323221 585249 OK
74123652322121 669397 OK
74123653132232 832750 OK
74123653133132 721402 OK
74123653133222 678559 OK
74123653133231 650809 OK
74125631313311 694126 OK
74125632121121 626937 OK
74125632122111 564424 OK
74125632131111 548238 OK
74125632321332 679704 OK
74125633121111 1092230 OK
74125633131233 833840 OK
74125633132232 487883 OK
74125633133222 523077 OK
74125633133312 1037035 OK
74125633332323 758107 OK
74126352333122 764879 OK
74132561321231 883663 OK
74132562121121 688757 OK
74132562122111 624032 OK
74132563131221 858195 OK
74132563132112 629094 OK
74136522322121 641122 OK
74152363132232 604114 OK
74152363133132 626807 OK
74152363133222 701220 OK
74152363133231 643153 OK
74156322122123 563560 OK
74156322122321 598775 OK
74156322313223 772444 OK
74156323132331 584951 OK
74156323133123 645607 OK
74163251121122 711554 OK
74163252112211 579177 OK
74163252131111 657963 OK
74163253121111 1031429 OK
74163253131332 887860 OK
74163253133132 545508 OK
74163253133213 860268 OK
74163253133231 581974 OK
74163253332323 679990 OK
74165231121212 862120 OK
74165231131313 900957 OK
74165231212121 1135251 OK
74165231313131 1023805 OK
74165232111212 989445 OK
74165232121112 965828 OK
74165232121211 912589 OK
74165233111313 1414966 OK
74165233131113 1529166 OK
74165233131311 1536878 OK
74165233131323 1507626 OK
74165233132313 1516124 OK
74165233231313 1212687 OK
74213652323132 602740 OK
74251633111313 1164315 OK
74256311321222 874463 OK
74256313111232 1524614 OK
74265312333233 765444 OK
74312652333332 758463 OK
74321563311131 844900 OK
74321653233323 962836 OK
74325163131323 1261405 OK
74325612221222 632196 OK
74325613121312 1352729 OK
74325613131212 969622 OK
74325613133333 1035995 OK
74361253112132 811409 OK
74361253211231 567650 OK
74365211121221 665407 OK
74365211213111 769348 OK
74365211312111 657403 OK
74365211313113 755884 OK
74365211333111 678216 OK
74365212111311 555549 OK
74365212222323 572781 OK
74365212333332 648780 OK
74365213111211 1004287 OK
74365213121333 1081103 OK
74512361322233 775136 OK
74512362313223 734780 OK
74513263121222 1709794 OK
74521632222212 771256 OK
74521633121213 1373915 OK
74521633121312 1306041 OK
74521633133333 1428358 OK
74521633333313 941793 OK
74523611121113 642910 OK
74523611131112 699766 OK
74523611213111 819792 OK
74523611312111 680932 OK
74523612111311 582260 OK
74523613111211 946594 OK
74532163123223 765618 OK
74561231111222 582326 OK
74561232111113 637969 OK
74561232221111 672303 OK
74561233111112 1078020 OK
74561233131233 936317 OK
74561233233323 945998 OK
74561233311233 889547 OK
74561233321133 668342 OK
74561233321313 882899 OK
74563211232332 600239 OK
74653213133222 600807 OK
75132463233233 861000 OK
75143263231313 1015233 OK
75146321323331 789060 OK
75213642223133 897441 OK
75231463211123 1173637 OK
75234161322233 748307 OK
75234162221111 813397 OK
75236143213232 539026 OK
75241632222323 675780 OK
75243162211322 1276051 OK
75243611113232 937052 OK
75243613213232 527373 OK
75246131333312 657509 OK
75246311111111 2291542 OK
75246313212311 896037 OK
75246313312211 930519 OK
75246313332332 539469 OK
75261432123233 868128 OK
75264132121232 730992 OK
75264132223331 691707 OK
75264132321212 823346 OK
75264133121333 794251 OK
75264133331213 1041460 OK
75264311223122 561902 OK
75264313231112 1116763 OK
75312463333133 1152793 OK
75314621133221 656425 OK
75314621313212 1185568 OK
75314623113122 654950 OK
75316241231231 753025 OK
75321461311112 650376 OK
75321463132121 647958 OK
75346122133133 600201 OK
75346211133122 764704 OK
75346211211311 818931 OK
75346211311211 561938 OK
75346212323333 640326 OK
75346213112132 627551 OK
75346213132121 651987 OK
75346213132322 672548 OK
75346213332122 599898 OK
75412631223332 513676 OK
75416323232213 834978 OK
75431263133213 897668 OK
75462132123212 1085276 OK
75613243131332 1114267 OK
75613243133213 749077 OK
75634123323122 587693 OK
75641323232111 845645 OK
75642132213311 555327 OK
76123453233323 815812 OK
76125343333133 1007485 OK
76143252131312 776033 OK
76143252221222 916284 OK
76143253131212 935240 OK
76143253331333 863121 OK
76143253333313 1284364 OK
76145231121113 715995 OK
76145231122112 961529 OK
76145231131112 766066 OK
76145231221112 1063566 OK
76145231311331 555385 OK
76145232123332 646568 OK
76145232233213 673253 OK
76145232331313 642560 OK
76145232332213 760285 OK
76145233133213 716475 OK
76145233232333 893154 OK
76154323333112 674535 OK
76213543213133 697119 OK
76213543311332 931743 OK
76215341231231 596293 OK
76215433333133 1158865 OK
76231451123111 599890 OK
76245311121131 631166 OK
76245311131121 705863 OK
76245311213312 719337 OK
76245312132131 573937 OK
76245313122122 758042 OK
76245313123121 632369 OK
76253141123132 707117 OK
76253141211332 662197 OK
76253413322312 612512 OK
76254133311323 1370730 OK
76254313211111 1353888 OK
76312452212111 954345 OK
76312453211111 742885 OK
76312453311311 983130 OK
76312542321212 678715 OK
76312542322121 583955 OK
76312543322222 940282 OK
76315241112113 937142 OK
76315241113112 693131 OK
76315241223113 549558 OK
76315241322122 643223 OK
76315241323313 558044 OK
76315241332112 667012 OK
76315243211231 562989 OK
76315243323323 808909 OK
76321452122123 639506 OK
76321452122321 704954 OK
76321452122333 753828 OK
76321452123323 985951 OK
76321452212231 637817 OK
76321452213122 954301 OK
76321453233131 913180 OK
76321453311233 1372552 OK
76321453313312 972802 OK
76321453321133 1134303 OK
76321453323311 1010767 OK
76321542211112 787885 OK
76321543211111 890808 OK
76321543311131 874272 OK
76324151112233 828922 OK
76324151112323 1050870 OK
76324153323122 602210 OK
76325411111213 788997 OK
76325411111312 956199 OK
76325411112131 725910 OK
76325411113121 723817 OK
76325411122121 730536 OK
76325411331311 784279 OK
76325412112121 803572 OK
76325412231212 889136 OK
76325412333233 886512 OK
76325413222223 741398 OK
76341251111213 768168 OK
76341251111312 879727 OK
76341251112131 716976 OK
76341251113121 870901 OK
76341251221121 659963 OK
76341251311313 698446 OK
76341252232313 638582 OK
76341252323333 634610 OK
76341253221212 763673 OK
76341253233131 666018 OK
76342511111231 673248 OK
76342511111321 681054 OK
76342511323112 655525 OK
76342512232223 704909 OK
76342513213112 799995 OK
76342513322111 910887 OK
76342513323122 703588 OK
76342513323212 781021 OK
76345122211112 1149978 OK
76345122211121 795486 OK
76345122213311 544759 OK
76345122311111 717296 OK
76345123211111 645159 OK
76345123311113 924935 OK
76345123311131 754971 OK
76345123312211 866070 OK
76351421112323 962420 OK
76351421113322 648321 OK
76351423321232 871377 OK
76354121121212 876626 OK
76354121122121 609632 OK
76354121311313 638234 OK
76354121313131 676916 OK
76354122111212 847261 OK
76354122112121 587042 OK
76354122212222 679137 OK
76354123211123 1020865 OK
76354123211132 960914 OK
76354123313333 888588 OK
76354212213323 830070 OK
76354212312233 588014 OK
76354212313322 807085 OK
76354212333332 694337 OK
76354213222223 765277 OK
76354213312223 905760 OK
76421351131121 612136 OK
76512343213313 989446 OK
76512343332311 1140093 OK
76514321112323 1028177 OK
76514321232113 634490 OK
76521433232333 768169 OK
76523413223231 663630 OK
76524313331222 983509 OK
76541232131213 1367264 OK
76541232221222 871051 OK
76541233121213 762081 OK
76541233331333 922102 OK
76541233333313 1084399 OK
76543211111111 2230672 OK
76543211212112 652152 OK
76543211223221 501781 OK
76543211332331 653401 OK
76543211333333 710572 OK
76543212132323 603586 OK
76543212222221 561497 OK
76543212323213 648641 OK
76543213113131 762128 OK
### summary
states: 2644, OK: 2644
max iret: 4441110 (14325671111111)
mean iret: 858466
### done
