### environment
2026年10月 6日 週二 15時48分20秒 CST
minirubik: 3c6d2c0-dirty
ripes sha256: bea887fcf020c1dda1f44177c19c27a13f3b93c625b17194ac37e3d421a34fc4
riscv64-unknown-elf-gcc (g6afcc4f6d) 16.1.0
### code size (bytes of linked .text, RENDER=0)
asm: 1804
gcc: 1960
### tests on RV32_ISS
--- asm 12345671111111 (expect 0 moves)

moves: 0
OK

Program exited with code: 0
===== instructions retired
788
--- gcc 12345671111111

moves: 0
OK

Program exited with code: 0
===== instructions retired
851
--- asm 24173562322133 (expect 3 moves)
D2 B R' 
moves: 3
OK

Program exited with code: 0
===== instructions retired
2337
--- gcc 24173562322133
D2 B R' 
moves: 3
OK

Program exited with code: 0
===== instructions retired
2438
--- asm 21345671111111 (expect 11 moves)
R B' D2 R' B R' B' R D2 R B 
moves: 11
OK

Program exited with code: 0
===== instructions retired
2165006
--- gcc 21345671111111
R B' D2 R' B R' B' R D2 R B 
moves: 11
OK

Program exited with code: 0
===== instructions retired
5944539
--- asm 14325671111111 (expect 11 moves)
B2 R' B R D B2 D R' B' R D' 
moves: 11
OK

Program exited with code: 0
===== instructions retired
4441110
--- gcc 14325671111111
B2 R' B R D B2 D R' B' R D' 
moves: 11
OK

Program exited with code: 0
===== instructions retired
12175099
--- asm 54721631111111 (expect 11 moves)
B2 R' B R' D' B R2 B R B D' 
moves: 11
OK

Program exited with code: 0
===== instructions retired
3343908
--- gcc 54721631111111
B2 R' B R' D' B R2 B R B D' 
moves: 11
OK

Program exited with code: 0
===== instructions retired
9125795
### done
