exact BFS: diameter 11, 2644 states at distance 11
permutation table: max 7
orientation table: max 6
max(perm, ori)                        5769 entries      2.8 KiB(4b)  mean h 5.144  d11 nodes mean    206625 max    639798 (state 2437047)
pos{0,1} x ori (max 8)               30618 entries     15.0 KiB(4b)  mean h 5.992  d11 nodes mean    214773 max   1292990 (state 2437047)
  max(above, perm)                   35658 entries     17.4 KiB(4b)  mean h 6.101  d11 nodes mean     45632 max    228036 (state 2437047)
pos{0,2} x ori (max 8)               30618 entries     15.0 KiB(4b)  mean h 5.992  d11 nodes mean    214831 max   1330383 (state 192456)
  max(above, perm)                   35658 entries     17.4 KiB(4b)  mean h 6.101  d11 nodes mean     45850 max    233889 (state 192456)
pos{0,3} x ori (max 8)               30618 entries     15.0 KiB(4b)  mean h 6.074  d11 nodes mean    197720 max   1238576 (state 2437047)
  max(above, perm)                   35658 entries     17.4 KiB(4b)  mean h 6.174  d11 nodes mean     42411 max    226038 (state 2437047)
pos{0,4} x ori (max 8)               30618 entries     15.0 KiB(4b)  mean h 5.907  d11 nodes mean    242959 max   1486007 (state 192456)
  max(above, perm)                   35658 entries     17.4 KiB(4b)  mean h 6.032  d11 nodes mean     50016 max    251715 (state 192456)
pos{0,5} x ori (max 8)               30618 entries     15.0 KiB(4b)  mean h 5.907  d11 nodes mean    243044 max   1479155 (state 192456)
  max(above, perm)                   35658 entries     17.4 KiB(4b)  mean h 6.032  d11 nodes mean     50034 max    249597 (state 192456)
pos{0,6} x ori (max 8)               30618 entries     15.0 KiB(4b)  mean h 6.074  d11 nodes mean    197848 max   1255611 (state 192456)
  max(above, perm)                   35658 entries     17.4 KiB(4b)  mean h 6.174  d11 nodes mean     42521 max    225999 (state 192456)
pos{1,2} x ori (max 8)               30618 entries     15.0 KiB(4b)  mean h 5.992  d11 nodes mean    214890 max   1291871 (state 192456)
  max(above, perm)                   35658 entries     17.4 KiB(4b)  mean h 6.101  d11 nodes mean     45768 max    227229 (state 192456)
pos{1,3} x ori (max 8)               30618 entries     15.0 KiB(4b)  mean h 5.856  d11 nodes mean    241977 max   1459472 (state 2437047)
  max(above, perm)                   35658 entries     17.4 KiB(4b)  mean h 5.984  d11 nodes mean     50360 max    246093 (state 192456)
pos{1,4} x ori (max 8)               30618 entries     15.0 KiB(4b)  mean h 5.907  d11 nodes mean    242556 max   1494530 (state 2437047)
  max(above, perm)                   35658 entries     17.4 KiB(4b)  mean h 6.032  d11 nodes mean     49721 max    255060 (state 2437047)
pos{1,5} x ori (max 8)               30618 entries     15.0 KiB(4b)  mean h 5.856  d11 nodes mean    242128 max   1459298 (state 2437047)
  max(above, perm)                   35658 entries     17.4 KiB(4b)  mean h 5.984  d11 nodes mean     50388 max    247164 (state 2437047)
pos{1,6} x ori (max 8)               30618 entries     15.0 KiB(4b)  mean h 5.907  d11 nodes mean    242835 max   1493897 (state 192456)
  max(above, perm)                   35658 entries     17.4 KiB(4b)  mean h 6.032  d11 nodes mean     49995 max    252213 (state 192456)
pos{2,3} x ori (max 8)               30618 entries     15.0 KiB(4b)  mean h 5.840  d11 nodes mean    247518 max   1463723 (state 192456)
  max(above, perm)                   35658 entries     17.4 KiB(4b)  mean h 5.971  d11 nodes mean     52147 max    246885 (state 192456)
pos{2,4} x ori (max 8)               30618 entries     15.0 KiB(4b)  mean h 5.840  d11 nodes mean    247666 max   1457747 (state 192456)
  max(above, perm)                   35658 entries     17.4 KiB(4b)  mean h 5.972  d11 nodes mean     52185 max    243441 (state 192456)
pos{2,5} x ori (max 8)               30618 entries     15.0 KiB(4b)  mean h 5.992  d11 nodes mean    214775 max   1371351 (state 192456)
  max(above, perm)                   35658 entries     17.4 KiB(4b)  mean h 6.101  d11 nodes mean     45771 max    246681 (state 192456)
pos{2,6} x ori (max 8)               30618 entries     15.0 KiB(4b)  mean h 5.992  d11 nodes mean    214808 max   1391541 (state 192456)
  max(above, perm)                   35658 entries     17.4 KiB(4b)  mean h 6.101  d11 nodes mean     45866 max    250953 (state 192456)
pos{3,4} x ori (max 8)               30618 entries     15.0 KiB(4b)  mean h 5.840  d11 nodes mean    247374 max   1465874 (state 2437047)
  max(above, perm)                   35658 entries     17.4 KiB(4b)  mean h 5.971  d11 nodes mean     51714 max    247050 (state 2437047)
pos{3,5} x ori (max 8)               30618 entries     15.0 KiB(4b)  mean h 5.856  d11 nodes mean    242183 max   1459832 (state 2437047)
  max(above, perm)                   35658 entries     17.4 KiB(4b)  mean h 5.984  d11 nodes mean     50400 max    245364 (state 2437047)
pos{3,6} x ori (max 8)               30618 entries     15.0 KiB(4b)  mean h 6.074  d11 nodes mean    197819 max   1237571 (state 192456)
  max(above, perm)                   35658 entries     17.4 KiB(4b)  mean h 6.174  d11 nodes mean     42425 max    224943 (state 192456)
pos{4,5} x ori (max 8)               30618 entries     15.0 KiB(4b)  mean h 5.907  d11 nodes mean    242887 max   1478837 (state 192456)
  max(above, perm)                   35658 entries     17.4 KiB(4b)  mean h 6.032  d11 nodes mean     49777 max    246909 (state 192456)
pos{4,6} x ori (max 8)               30618 entries     15.0 KiB(4b)  mean h 5.907  d11 nodes mean    242796 max   1529753 (state 192456)
  max(above, perm)                   35658 entries     17.4 KiB(4b)  mean h 6.032  d11 nodes mean     49970 max    257547 (state 192456)
pos{5,6} x ori (max 8)               30618 entries     15.0 KiB(4b)  mean h 5.992  d11 nodes mean    214796 max   1371231 (state 192456)
  max(above, perm)                   35658 entries     17.4 KiB(4b)  mean h 6.101  d11 nodes mean     45647 max    246567 (state 192456)
pos{0,1,2} x ori (max 9)            153090 entries     74.8 KiB(4b)  mean h 6.933  d11 nodes mean     52993 max    462246 (state 3645)
  max(above, perm)                  158130 entries     77.2 KiB(4b)  mean h 6.959  d11 nodes mean     14616 max    114384 (state 3645)
pos{0,1,3} x ori (max 9)            153090 entries     74.8 KiB(4b)  mean h 6.739  d11 nodes mean     65187 max    606560 (state 2437047)
  max(above, perm)                  158130 entries     77.2 KiB(4b)  mean h 6.773  d11 nodes mean     18765 max    169284 (state 2437047)
pos{0,1,4} x ori (max 9)            153090 entries     74.8 KiB(4b)  mean h 6.777  d11 nodes mean     63028 max    656096 (state 2437047)
  max(above, perm)                  158130 entries     77.2 KiB(4b)  mean h 6.810  d11 nodes mean     17655 max    171516 (state 2437047)
pos{0,1,5} x ori (max 9)            153090 entries     74.8 KiB(4b)  mean h 6.728  d11 nodes mean     66465 max    604928 (state 2437047)
  max(above, perm)                  158130 entries     77.2 KiB(4b)  mean h 6.763  d11 nodes mean     18998 max    169428 (state 2437047)
pos{0,1,6} x ori (max 9)            153090 entries     74.8 KiB(4b)  mean h 6.742  d11 nodes mean     64810 max    382019 (state 2651070)
  max(above, perm)                  158130 entries     77.2 KiB(4b)  mean h 6.776  d11 nodes mean     18596 max    109635 (state 1614432)
pos{0,2,3} x ori (max 9)            153090 entries     74.8 KiB(4b)  mean h 6.742  d11 nodes mean     64774 max    434578 (state 373248)
  max(above, perm)                  158130 entries     77.2 KiB(4b)  mean h 6.776  d11 nodes mean     18614 max    120510 (state 373248)
pos{0,2,4} x ori (max 9)            153090 entries     74.8 KiB(4b)  mean h 6.728  d11 nodes mean     66527 max    622257 (state 192456)
  max(above, perm)                  158130 entries     77.2 KiB(4b)  mean h 6.763  d11 nodes mean     19074 max    170835 (state 192456)
pos{0,2,5} x ori (max 9)            153090 entries     74.8 KiB(4b)  mean h 6.777  d11 nodes mean     63124 max    669317 (state 192456)
  max(above, perm)                  158130 entries     77.2 KiB(4b)  mean h 6.810  d11 nodes mean     17751 max    172221 (state 192456)
pos{0,2,6} x ori (max 9)            153090 entries     74.8 KiB(4b)  mean h 6.739  d11 nodes mean     65291 max    623079 (state 192456)
  max(above, perm)                  158130 entries     77.2 KiB(4b)  mean h 6.773  d11 nodes mean     18847 max    170943 (state 192456)
pos{0,3,4} x ori (max 9)            153090 entries     74.8 KiB(4b)  mean h 6.742  d11 nodes mean     65081 max    632042 (state 2437047)
  max(above, perm)                  158130 entries     77.2 KiB(4b)  mean h 6.776  d11 nodes mean     18648 max    172260 (state 2437047)
pos{0,3,5} x ori (max 9)            153090 entries     74.8 KiB(4b)  mean h 6.727  d11 nodes mean     64963 max    576266 (state 2437047)
  max(above, perm)                  158130 entries     77.2 KiB(4b)  mean h 6.762  d11 nodes mean     18790 max    166182 (state 2437047)
pos{0,3,6} x ori (max 9)            153090 entries     74.8 KiB(4b)  mean h 7.059  d11 nodes mean     44628 max    623549 (state 1629012)
  max(above, perm)                  158130 entries     77.2 KiB(4b)  mean h 7.081  d11 nodes mean     12028 max    154237 (state 1629012)
pos{0,4,5} x ori (max 9)            153090 entries     74.8 KiB(4b)  mean h 6.860  d11 nodes mean     58141 max    878549 (state 192456)
  max(above, perm)                  158130 entries     77.2 KiB(4b)  mean h 6.890  d11 nodes mean     15559 max    198729 (state 192456)
pos{0,4,6} x ori (max 9)            153090 entries     74.8 KiB(4b)  mean h 6.727  d11 nodes mean     64960 max    593949 (state 192456)
  max(above, perm)                  158130 entries     77.2 KiB(4b)  mean h 6.762  d11 nodes mean     18822 max    167787 (state 192456)
pos{0,5,6} x ori (max 9)            153090 entries     74.8 KiB(4b)  mean h 6.742  d11 nodes mean     65130 max    641785 (state 192456)
  max(above, perm)                  158130 entries     77.2 KiB(4b)  mean h 6.776  d11 nodes mean     18681 max    171027 (state 192456)
pos{1,2,3} x ori (max 9)            153090 entries     74.8 KiB(4b)  mean h 6.728  d11 nodes mean     66515 max    604619 (state 192456)
  max(above, perm)                  158130 entries     77.2 KiB(4b)  mean h 6.763  d11 nodes mean     19028 max    169209 (state 192456)
pos{1,2,4} x ori (max 9)            153090 entries     74.8 KiB(4b)  mean h 6.742  d11 nodes mean     64776 max    383405 (state 2651070)
  max(above, perm)                  158130 entries     77.2 KiB(4b)  mean h 6.776  d11 nodes mean     18575 max    110076 (state 2058393)
pos{1,2,5} x ori (max 9)            153090 entries     74.8 KiB(4b)  mean h 6.739  d11 nodes mean     65269 max    606323 (state 192456)
  max(above, perm)                  158130 entries     77.2 KiB(4b)  mean h 6.773  d11 nodes mean     18787 max    168207 (state 192456)
pos{1,2,6} x ori (max 9)            153090 entries     74.8 KiB(4b)  mean h 6.777  d11 nodes mean     63105 max    655631 (state 192456)
  max(above, perm)                  158130 entries     77.2 KiB(4b)  mean h 6.810  d11 nodes mean     17746 max    170643 (state 192456)
pos{1,3,4} x ori (max 9)            153090 entries     74.8 KiB(4b)  mean h 6.728  d11 nodes mean     66364 max    602330 (state 2437047)
  max(above, perm)                  158130 entries     77.2 KiB(4b)  mean h 6.763  d11 nodes mean     18929 max    168618 (state 2437047)
pos{1,3,5} x ori (max 9)            153090 entries     74.8 KiB(4b)  mean h 6.850  d11 nodes mean     62404 max    913712 (state 2437047)
  max(above, perm)                  158130 entries     77.2 KiB(4b)  mean h 6.879  d11 nodes mean     15741 max    194832 (state 2437047)
pos{1,3,6} x ori (max 9)            153090 entries     74.8 KiB(4b)  mean h 6.727  d11 nodes mean     64942 max    575783 (state 192456)
  max(above, perm)                  158130 entries     77.2 KiB(4b)  mean h 6.762  d11 nodes mean     18777 max    165207 (state 192456)
pos{1,4,5} x ori (max 9)            153090 entries     74.8 KiB(4b)  mean h 6.727  d11 nodes mean     64869 max    576032 (state 2437047)
  max(above, perm)                  158130 entries     77.2 KiB(4b)  mean h 6.762  d11 nodes mean     18728 max    166968 (state 2437047)
pos{1,4,6} x ori (max 9)            153090 entries     74.8 KiB(4b)  mean h 6.860  d11 nodes mean     57361 max    541808 (state 1137240)
  max(above, perm)                  158130 entries     77.2 KiB(4b)  mean h 6.890  d11 nodes mean     15376 max    123744 (state 1137240)
pos{1,5,6} x ori (max 9)            153090 entries     74.8 KiB(4b)  mean h 6.728  d11 nodes mean     66539 max    601985 (state 192456)
  max(above, perm)                  158130 entries     77.2 KiB(4b)  mean h 6.763  d11 nodes mean     19018 max    166773 (state 192456)
pos{2,3,4} x ori (max 9)            153090 entries     74.8 KiB(4b)  mean h 6.819  d11 nodes mean     62114 max    587984 (state 373248)
  max(above, perm)                  158130 entries     77.2 KiB(4b)  mean h 6.849  d11 nodes mean     16390 max    133014 (state 373248)
pos{2,3,5} x ori (max 9)            153090 entries     74.8 KiB(4b)  mean h 6.728  d11 nodes mean     66520 max    602141 (state 192456)
  max(above, perm)                  158130 entries     77.2 KiB(4b)  mean h 6.763  d11 nodes mean     19034 max    167367 (state 192456)
pos{2,3,6} x ori (max 9)            153090 entries     74.8 KiB(4b)  mean h 6.742  d11 nodes mean     65170 max    631409 (state 192456)
  max(above, perm)                  158130 entries     77.2 KiB(4b)  mean h 6.776  d11 nodes mean     18719 max    170991 (state 192456)
pos{2,4,5} x ori (max 9)            153090 entries     74.8 KiB(4b)  mean h 6.742  d11 nodes mean     65108 max    641791 (state 192456)
  max(above, perm)                  158130 entries     77.2 KiB(4b)  mean h 6.776  d11 nodes mean     18667 max    170733 (state 192456)
pos{2,4,6} x ori (max 9)            153090 entries     74.8 KiB(4b)  mean h 6.728  d11 nodes mean     66560 max    620655 (state 192456)
  max(above, perm)                  158130 entries     77.2 KiB(4b)  mean h 6.763  d11 nodes mean     19080 max    170691 (state 192456)
pos{2,5,6} x ori (max 9)            153090 entries     74.8 KiB(4b)  mean h 6.933  d11 nodes mean     53496 max    788529 (state 192456)
  max(above, perm)                  158130 entries     77.2 KiB(4b)  mean h 6.959  d11 nodes mean     14750 max    202653 (state 192456)
pos{3,4,5} x ori (max 9)            153090 entries     74.8 KiB(4b)  mean h 6.728  d11 nodes mean     66536 max    605252 (state 2437047)
  max(above, perm)                  158130 entries     77.2 KiB(4b)  mean h 6.763  d11 nodes mean     18971 max    168996 (state 2437047)
pos{3,4,6} x ori (max 9)            153090 entries     74.8 KiB(4b)  mean h 6.742  d11 nodes mean     64781 max    434854 (state 373248)
  max(above, perm)                  158130 entries     77.2 KiB(4b)  mean h 6.776  d11 nodes mean     18560 max    120312 (state 373248)
pos{3,5,6} x ori (max 9)            153090 entries     74.8 KiB(4b)  mean h 6.739  d11 nodes mean     65282 max    606323 (state 192456)
  max(above, perm)                  158130 entries     77.2 KiB(4b)  mean h 6.773  d11 nodes mean     18789 max    168477 (state 192456)
pos{4,5,6} x ori (max 9)            153090 entries     74.8 KiB(4b)  mean h 6.777  d11 nodes mean     63152 max    669185 (state 192456)
  max(above, perm)                  158130 entries     77.2 KiB(4b)  mean h 6.810  d11 nodes mean     17683 max    172245 (state 192456)
